To honour the JVM settings for this build a single-use Daemon process will be forked. For more on this, please refer to https://docs.gradle.org/9.2.1/userguide/gradle_daemon.html#sec:disabling_the_daemon in the Gradle documentation.
Daemon will be stopped at the end of the build 

> Configure project :app
??  EXCHANGE_RATE_API_KEY not found!

Exchange rate features will be disabled.
To enable, add to local.properties or gradle.properties:
EXCHANGE_RATE_API_KEY=your_api_key_here

Get a free key at: https://www.exchangerate-api.com/
??  Using local keystore for development.
Set environment variables for production builds:
- KEYSTORE_PATH
- KEYSTORE_PASSWORD
- KEY_ALIAS
- KEY_PASSWORD

> Task :app:clean
> Task :app:preBuild UP-TO-DATE
> Task :app:preDebugBuild UP-TO-DATE
> Task :app:mergeDebugNativeDebugMetadata NO-SOURCE
> Task :app:checkKotlinGradlePluginConfigurationErrors SKIPPED
> Task :app:generateDebugBuildConfig FROM-CACHE
> Task :app:generateDebugResValues FROM-CACHE
> Task :app:injectCrashlyticsMappingFileIdDebug
> Task :app:processDebugGoogleServices FROM-CACHE
> Task :app:checkDebugAarMetadata
> Task :app:mapDebugSourceSetPaths
> Task :app:generateDebugResources FROM-CACHE
> Task :app:mergeDebugResources FROM-CACHE
> Task :app:packageDebugResources FROM-CACHE
> Task :app:parseDebugLocalResources FROM-CACHE
> Task :app:createDebugCompatibleScreenManifests
> Task :app:extractDeepLinksDebug FROM-CACHE
> Task :app:processDebugMainManifest FROM-CACHE
> Task :app:processDebugManifest FROM-CACHE
> Task :app:processDebugManifestForPackage FROM-CACHE
> Task :app:processDebugResources FROM-CACHE
> Task :app:kspDebugKotlin FROM-CACHE
> Task :app:compileDebugKotlin FROM-CACHE
> Task :app:javaPreCompileDebug FROM-CACHE
> Task :app:compileDebugJavaWithJavac FROM-CACHE
> Task :app:mergeDebugShaders
> Task :app:compileDebugShaders NO-SOURCE
> Task :app:generateDebugAssets UP-TO-DATE
> Task :app:mergeDebugAssets
> Task :app:compressDebugAssets FROM-CACHE
> Task :app:desugarDebugFileDependencies FROM-CACHE
> Task :app:hiltAggregateDepsDebug FROM-CACHE
> Task :app:hiltJavaCompileDebug FROM-CACHE
> Task :app:transformDebugClassesWithAsm FROM-CACHE
> Task :app:dexBuilderDebug FROM-CACHE
> Task :app:mergeDebugGlobalSynthetics FROM-CACHE
> Task :app:processDebugJavaRes
> Task :app:mergeDebugStartupProfile UP-TO-DATE
> Task :app:mergeDebugJniLibFolders
> Task :app:checkDebugDuplicateClasses
> Task :app:mergeDebugNativeLibs
> Task :app:mergeExtDexDebug FROM-CACHE
> Task :app:mergeLibDexDebug FROM-CACHE
> Task :app:mergeProjectDexDebug FROM-CACHE
> Task :app:validateSigningDebug
> Task :app:writeDebugAppMetadata

> Task :app:stripDebugDebugSymbols
Unable to strip the following libraries, packaging them as they are: libandroidx.graphics.path.so, libdatastore_shared_counter.so, libsqlcipher.so.

> Task :app:writeDebugSigningConfigVersions
> Task :app:buildKotlinToolingMetadata
> Task :app:preReleaseBuild UP-TO-DATE
> Task :app:generateReleaseBuildConfig FROM-CACHE
> Task :app:generateReleaseResValues FROM-CACHE
> Task :app:checkReleaseAarMetadata
> Task :app:injectCrashlyticsMappingFileIdRelease
> Task :app:processReleaseGoogleServices FROM-CACHE
> Task :app:mapReleaseSourceSetPaths
> Task :app:generateReleaseResources FROM-CACHE
> Task :app:mergeDebugJavaResource
> Task :app:packageReleaseResources
> Task :app:createReleaseCompatibleScreenManifests
> Task :app:extractDeepLinksRelease FROM-CACHE
> Task :app:processReleaseMainManifest FROM-CACHE
> Task :app:processReleaseManifest FROM-CACHE
> Task :app:processReleaseManifestForPackage FROM-CACHE
> Task :app:javaPreCompileRelease FROM-CACHE
> Task :app:extractProguardFiles
> Task :app:mergeReleaseJniLibFolders
> Task :app:parseReleaseLocalResources
> Task :app:mergeReleaseNativeLibs

> Task :app:stripReleaseDebugSymbols
Unable to strip the following libraries, packaging them as they are: libandroidx.graphics.path.so, libdatastore_shared_counter.so, libsqlcipher.so.

> Task :app:extractReleaseNativeSymbolTables FROM-CACHE
> Task :app:mergeReleaseNativeDebugMetadata NO-SOURCE
> Task :app:checkReleaseDuplicateClasses
> Task :app:mergeReleaseArtProfile
> Task :app:packageDebug
> Task :app:createDebugApkListingFileRedirect
> Task :app:assembleDebug
> Task :app:mergeReleaseStartupProfile UP-TO-DATE
> Task :app:mergeReleaseShaders
> Task :app:compileReleaseShaders NO-SOURCE
> Task :app:generateReleaseAssets UP-TO-DATE
> Task :app:mergeReleaseAssets
> Task :app:compressReleaseAssets FROM-CACHE
> Task :app:extractReleaseVersionControlInfo
> Task :app:processApplicationManifestReleaseForBundle
> Task :app:collectReleaseDependencies
> Task :app:sdkReleaseDependencyData
> Task :app:validateSigningRelease
> Task :app:writeReleaseAppMetadata
> Task :app:writeReleaseSigningConfigVersions
> Task :app:preDebugAndroidTestBuild SKIPPED
> Task :app:generateDebugAndroidTestResValues FROM-CACHE
> Task :app:mergeReleaseResources
> Task :app:generateDebugLintReportModel
> Task :app:preDebugUnitTestBuild UP-TO-DATE
> Task :app:lintAnalyzeDebug FROM-CACHE
> Task :app:javaPreCompileDebugUnitTest FROM-CACHE
> Task :app:preReleaseUnitTestBuild UP-TO-DATE
> Task :app:javaPreCompileReleaseUnitTest FROM-CACHE
> Task :app:bundleDebugClassesToCompileJar
> Task :app:processReleaseResources
> Task :app:generateDebugAndroidTestLintModel
> Task :app:bundleDebugClassesToRuntimeJar
> Task :app:kspReleaseKotlin FROM-CACHE
> Task :app:compileReleaseKotlin FROM-CACHE
> Task :app:compileReleaseJavaWithJavac FROM-CACHE
> Task :app:hiltAggregateDepsRelease FROM-CACHE
> Task :app:hiltJavaCompileRelease FROM-CACHE
> Task :app:generateReleaseLintVitalReportModel
> Task :app:transformReleaseClassesWithAsm FROM-CACHE
> Task :app:expandReleaseArtProfileWildcards FROM-CACHE
> Task :app:mergeReleaseGeneratedProguardFiles UP-TO-DATE
> Task :app:processReleaseJavaRes
> Task :app:generateDebugUnitTestLintModel
> Task :app:lintAnalyzeDebugAndroidTest FROM-CACHE
> Task :app:lintAnalyzeDebugUnitTest FROM-CACHE
> Task :app:bundleReleaseResources
> Task :app:kspDebugUnitTestKotlin FROM-CACHE
> Task :app:compileDebugUnitTestKotlin FROM-CACHE
> Task :app:compileDebugUnitTestJavaWithJavac NO-SOURCE
> Task :app:hiltAggregateDepsDebugUnitTest FROM-CACHE
> Task :app:hiltJavaCompileDebugUnitTest NO-SOURCE
> Task :app:processDebugUnitTestJavaRes

> Task :app:lintReportDebug
Wrote HTML report to file:///C:/Users/Saucey/Documents/GitHub/EmuBiz/Bizap/app/build/reports/lint-results-debug.html

> Task :app:mergeReleaseJavaResource
> Task :app:transformDebugUnitTestClassesWithAsm FROM-CACHE
> Task :app:minifyReleaseWithR8 FROM-CACHE
> Task :app:compileReleaseArtProfile FROM-CACHE
> Task :app:uploadCrashlyticsMappingFileRelease
> Task :app:lintDebug
> Task :app:lint
> Task :app:testDebugUnitTest FROM-CACHE
> Task :app:lintVitalAnalyzeRelease
> Task :app:bundleReleaseClassesToRuntimeJar
> Task :app:bundleReleaseClassesToCompileJar
> Task :app:kspReleaseUnitTestKotlin FROM-CACHE
> Task :app:compileReleaseUnitTestKotlin FROM-CACHE
> Task :app:compileReleaseUnitTestJavaWithJavac NO-SOURCE
> Task :app:hiltAggregateDepsReleaseUnitTest FROM-CACHE
> Task :app:hiltJavaCompileReleaseUnitTest NO-SOURCE
> Task :app:processReleaseUnitTestJavaRes
> Task :app:transformReleaseUnitTestClassesWithAsm FROM-CACHE
> Task :app:testReleaseUnitTest FROM-CACHE
> Task :app:test UP-TO-DATE
> Task :app:check
> Task :app:shrinkReleaseRes
> Task :app:optimizeReleaseResources
> Task :app:packageRelease
> Task :app:createReleaseApkListingFileRedirect
> Task :app:lintVitalReportRelease SKIPPED
> Task :app:lintVitalRelease SKIPPED
> Task :app:assembleRelease
> Task :app:assemble
> Task :app:build

[Incubating] Problems report is available at: file:///C:/Users/Saucey/Documents/GitHub/EmuBiz/Bizap/build/reports/problems/problems-report.html

Deprecated Gradle features were used in this build, making it incompatible with Gradle 10.

You can use '--warning-mode all' to show the individual deprecation warnings and determine if they come from your own scripts or plugins.

For more on this, please refer to https://docs.gradle.org/9.2.1/userguide/command_line_interface.html#sec:command_line_warnings in the Gradle documentation.

BUILD SUCCESSFUL in 2m 18s
128 actionable tasks: 63 executed, 62 from cache, 3 up-to-date
